// Jest Snapshot v1, https://goo.gl/fbAQLP

exports[`Test for retrieving all notifications should return all counts for notifications 1`] = `
Object {
  "read": 0,
  "unread": 0,
}
`;

exports[`Test for retrieving all notifications should return all notifications 1`] = `
Array [
  Object {
    "content": "test",
    "id": "a9f0e92d-6bb0-4126-93cb-2ed8c88cac37",
    "isRead": false,
    "updatedAt": "2018-01-18 07:07:19",
    "userId": 1,
  },
  Object {
    "content": "Test notification",
    "id": "asdf23dsafjak2389",
    "isRead": true,
    "timestamp": "2018-01-01 13:30:00",
    "userId": 1,
  },
]
`;

exports[`Test for retrieving all notifications should return all users notifications 1`] = `Array []`;
