// Jest Snapshot v1, https://goo.gl/fbAQLP

exports[`Test for retrieving all notifications should return all notifications 1`] = `
Array [
  Object {
    "content": "test",
    "id": "a9f0e92d-6bb0-4126-93cb-2ed8c88cac37",
    "isRead": false,
    "timestamp": "2018-06-04T06:30:46.642149+0000",
    "updatedAt": "2018-06-04 06:06:46",
    "userId": 1,
  },
]
`;
