// Jest Snapshot v1, https://goo.gl/fbAQLP

exports[`Tests showCustomerSettingsAsync function should get customer settings 1`] = `
Object {
  "data": Object {
    "capacityUnitSetting": Object {
      "capacityUnit": Object {
        "abbreviation": "Location",
        "createdAt": "2018-04-12 03:38:34",
        "id": 1,
        "unitOfMeasure": "Location",
        "updatedAt": "2018-04-12 03:38:34",
      },
      "capacityUnitId": 1,
      "createdAt": "2018-04-12 04:16:55",
      "deletedAt": null,
      "id": 957,
      "updatedAt": "2018-04-12 04:16:55",
    },
    "capacityUnitSettingId": 957,
    "createdAt": "2018-03-24 05:58:52",
    "customerId": 14445,
    "id": 117,
    "identityId": 1,
    "orderCreationSettingId": 70,
    "orderCreationSettings": Object {
      "createdAt": "2018-03-24 05:58:52",
      "id": 70,
      "orderCreationMandatoryInformation": Object {
        "createdAt": "2018-03-24 05:58:52",
        "customerOrderNumber": 0,
        "id": 70,
        "item": 1,
        "updatedAt": "2018-03-24 05:58:52",
      },
      "orderCreationMandatoryInformationId": 70,
      "orderCreationTiming": Object {
        "createdAt": "2018-03-24 05:58:52",
        "cutOffInMinutes": 123,
        "id": 70,
        "updatedAt": "2018-03-24 05:58:52",
      },
      "orderCreationTimingId": 70,
      "updatedAt": "2018-03-24 05:58:52",
    },
    "orderSmsSetting": Object {
      "createdAt": "2018-03-24 06:05:44",
      "id": 105,
      "sendOnOrderPickup": 1,
      "updatedAt": "2018-03-24 06:05:44",
    },
    "orderSmsSettingsId": 105,
    "orderUpdateTransactionSubcustomersSetting": null,
    "orderUpdateTransactionSubcustomersSettingId": null,
    "productTypeId": 3,
    "settingRouteSettings": Array [
      Object {
        "createdAt": "2018-08-29 03:55:42",
        "deletedAt": null,
        "id": 2792,
        "routeSetting": Object {
          "assignTaggedDrivers": 0,
          "autoDispatch": 0,
          "considerAverageTimePerDropOff": 1,
          "considerDeliveryWindows": 1,
          "considerDistanceOverTimeWindow": 0,
          "considerOrderPairing": 0,
          "considerRouteRenewals": 0,
          "considerTimeWindows": 1,
          "considerVehicleMaxCapacity": 1,
          "createdAt": "2018-08-29 03:55:42",
          "deletedAt": null,
          "groupRouteSettingType": Object {
            "createdAt": "2018-08-29 03:55:42",
            "customerId": 14445,
            "deletedAt": null,
            "displayName": "Traditional",
            "id": 182,
            "identityId": 1,
            "routingModelId": 1,
            "transactionGroupId": 180,
            "updatedAt": "2018-08-29 03:55:42",
          },
          "groupRouteSettingTypeId": 182,
          "id": 2789,
          "includeAverageSpeedOfVehicle": 0,
          "includeDriverAvailability": 1,
          "maxViolationTimeInMinutes": 10,
          "serviceTimeInSeconds": 1800,
          "updatedAt": "2018-08-29 03:55:42",
          "useGeofence": 0,
        },
        "routeSettingId": 2789,
        "settingId": 117,
        "updatedAt": "2018-08-29 03:55:42",
      },
    ],
    "transactionGroupId": 180,
    "updatedAt": "2018-04-12 04:16:55",
  },
}
`;
