// Jest Snapshot v1, https://goo.gl/fbAQLP

exports[`Tests showCustomerSettingsAsync function should get customer settings 1`] = `
Object {
  "data": Object {
    "capacityUnitSetting": Object {
      "capacityUnit": Object {
        "abbreviation": "Location",
        "createdAt": "2018-05-02 03:28:22",
        "id": 1,
        "unitOfMeasure": "Location",
        "updatedAt": "2018-05-02 03:28:22",
      },
      "capacityUnitId": 1,
      "createdAt": "2018-05-02 03:30:29",
      "deletedAt": null,
      "id": 83,
      "updatedAt": "2018-05-02 03:30:29",
    },
    "capacityUnitSettingId": 83,
    "createdAt": "2018-03-13 08:25:28",
    "customerId": 14821,
    "dateFormat": null,
    "id": 88,
    "identityId": 1,
    "logisticsModelId": 1,
    "orderCreationSettingId": null,
    "orderCreationSettings": null,
    "orderSmsSetting": null,
    "orderSmsSettingsId": null,
    "orderUpdateTransactionSubcustomersSetting": null,
    "orderUpdateTransactionSubcustomersSettingId": null,
    "productTypeId": 3,
    "settingRouteSettings": Array [
      Object {
        "createdAt": "2018-09-19 05:44:36",
        "deletedAt": null,
        "id": 329,
        "routeSetting": Object {
          "assignTaggedDrivers": 0,
          "autoDispatch": 0,
          "considerAverageTimePerDropOff": 1,
          "considerDeliveryWindows": 0,
          "considerDistanceOverTimeWindow": 0,
          "considerEndDepot": 1,
          "considerOrderPairing": 0,
          "considerRouteRenewals": 0,
          "considerTimeWindows": 1,
          "considerVehicleMaxCapacity": 1,
          "createdAt": "2018-09-19 05:44:36",
          "deletedAt": null,
          "groupRouteSettingType": Object {
            "createdAt": "2018-09-19 05:44:36",
            "customerId": 14821,
            "deletedAt": null,
            "displayName": "Outbound",
            "id": 158,
            "identityId": 1,
            "routingModelId": 1,
            "transactionGroupId": 185,
            "updatedAt": "2018-12-26 03:51:32",
          },
          "groupRouteSettingTypeId": 158,
          "id": 329,
          "includeAverageSpeedOfVehicle": 0,
          "includeDriverAvailability": 1,
          "maxViolationTimeInMinutes": 10,
          "serviceTimeInSeconds": 1800,
          "updatedAt": "2018-10-08 03:20:20",
          "useGeofence": 0,
        },
        "routeSettingId": 329,
        "settingId": 88,
        "updatedAt": "2018-09-19 05:44:36",
      },
    ],
    "transactionGroupId": 185,
    "updatedAt": "2018-07-23 10:03:40",
  },
}
`;
